// Jest Snapshot v1, https://goo.gl/fbAQLP

exports[`placing ship placeShip creates ship of correct length 1`] = `
Gameboard {
  "allShipsSunk": false,
  "board": [
    [
      Ship {
        "hits": 0,
        "length": 2,
      },
      Ship {
        "hits": 0,
        "length": 2,
      },
      null,
      null,
      null,
      null,
      null,
      null,
      null,
      null,
    ],
    [
      null,
      Ship {
        "hits": 0,
        "length": 4,
      },
      Ship {
        "hits": 0,
        "length": 4,
      },
      Ship {
        "hits": 0,
        "length": 4,
      },
      Ship {
        "hits": 0,
        "length": 4,
      },
      null,
      null,
      null,
      null,
      null,
    ],
    [
      null,
      null,
      null,
      null,
      null,
      null,
      null,
      null,
      null,
      null,
    ],
    [
      null,
      null,
      null,
      null,
      null,
      null,
      null,
      null,
      null,
      null,
    ],
    [
      null,
      null,
      null,
      Ship {
        "hits": 0,
        "length": 3,
      },
      null,
      null,
      null,
      null,
      null,
      null,
    ],
    [
      null,
      null,
      null,
      Ship {
        "hits": 0,
        "length": 3,
      },
      null,
      null,
      null,
      null,
      null,
      null,
    ],
    [
      null,
      null,
      null,
      Ship {
        "hits": 0,
        "length": 3,
      },
      null,
      null,
      null,
      null,
      null,
      null,
    ],
    [
      null,
      null,
      null,
      null,
      null,
      null,
      null,
      null,
      null,
      null,
    ],
    [
      null,
      null,
      null,
      null,
      null,
      null,
      null,
      null,
      null,
      null,
    ],
    [
      null,
      null,
      null,
      null,
      null,
      null,
      null,
      null,
      null,
      null,
    ],
  ],
  "hits": Set {},
  "length": 10,
  "misses": Set {},
  "ships": [
    Ship {
      "hits": 0,
      "length": 4,
    },
    Ship {
      "hits": 0,
      "length": 3,
    },
    Ship {
      "hits": 0,
      "length": 2,
    },
  ],
}
`;

exports[`placing ship places ship horizontally left to right 1`] = `
Gameboard {
  "allShipsSunk": false,
  "board": [
    [
      null,
      null,
      null,
      null,
      null,
      null,
      null,
      null,
      null,
      null,
    ],
    [
      null,
      null,
      null,
      null,
      null,
      null,
      null,
      null,
      null,
      null,
    ],
    [
      null,
      null,
      null,
      Ship {
        "hits": 0,
        "length": 3,
      },
      Ship {
        "hits": 0,
        "length": 3,
      },
      Ship {
        "hits": 0,
        "length": 3,
      },
      null,
      null,
      null,
      null,
    ],
    [
      null,
      null,
      null,
      null,
      null,
      null,
      null,
      null,
      null,
      null,
    ],
    [
      null,
      null,
      null,
      null,
      null,
      null,
      null,
      null,
      null,
      null,
    ],
    [
      null,
      null,
      null,
      null,
      null,
      null,
      null,
      null,
      null,
      null,
    ],
    [
      null,
      null,
      null,
      null,
      null,
      null,
      null,
      null,
      null,
      null,
    ],
    [
      null,
      null,
      null,
      null,
      null,
      null,
      null,
      null,
      null,
      null,
    ],
    [
      null,
      null,
      null,
      null,
      null,
      null,
      null,
      null,
      null,
      null,
    ],
    [
      null,
      null,
      null,
      null,
      null,
      null,
      null,
      null,
      null,
      null,
    ],
  ],
  "hits": Set {},
  "length": 10,
  "misses": Set {},
  "ships": [
    Ship {
      "hits": 0,
      "length": 3,
    },
  ],
}
`;

exports[`placing ship places ship horizontally right to left 1`] = `
Gameboard {
  "allShipsSunk": false,
  "board": [
    [
      null,
      null,
      null,
      null,
      null,
      null,
      null,
      null,
      null,
      null,
    ],
    [
      null,
      null,
      null,
      null,
      null,
      null,
      null,
      null,
      null,
      null,
    ],
    [
      null,
      null,
      null,
      null,
      null,
      null,
      null,
      null,
      null,
      null,
    ],
    [
      null,
      null,
      null,
      null,
      null,
      null,
      null,
      null,
      null,
      null,
    ],
    [
      null,
      null,
      null,
      null,
      null,
      null,
      null,
      null,
      null,
      null,
    ],
    [
      null,
      null,
      null,
      null,
      null,
      null,
      null,
      null,
      null,
      null,
    ],
    [
      null,
      null,
      null,
      null,
      null,
      null,
      null,
      null,
      null,
      null,
    ],
    [
      null,
      null,
      null,
      null,
      null,
      null,
      null,
      null,
      null,
      null,
    ],
    [
      null,
      null,
      null,
      null,
      null,
      null,
      null,
      Ship {
        "hits": 0,
        "length": 3,
      },
      Ship {
        "hits": 0,
        "length": 3,
      },
      Ship {
        "hits": 0,
        "length": 3,
      },
    ],
    [
      null,
      null,
      null,
      null,
      null,
      null,
      null,
      null,
      null,
      null,
    ],
  ],
  "hits": Set {},
  "length": 10,
  "misses": Set {},
  "ships": [
    Ship {
      "hits": 0,
      "length": 3,
    },
  ],
}
`;

exports[`placing ship places ship vertically bottom to top 1`] = `
Gameboard {
  "allShipsSunk": false,
  "board": [
    [
      null,
      null,
      null,
      null,
      null,
      null,
      null,
      null,
      null,
      null,
    ],
    [
      null,
      null,
      null,
      null,
      null,
      null,
      null,
      null,
      null,
      Ship {
        "hits": 0,
        "length": 4,
      },
    ],
    [
      null,
      null,
      null,
      null,
      null,
      null,
      null,
      null,
      null,
      Ship {
        "hits": 0,
        "length": 4,
      },
    ],
    [
      null,
      null,
      null,
      null,
      null,
      null,
      null,
      null,
      null,
      Ship {
        "hits": 0,
        "length": 4,
      },
    ],
    [
      null,
      null,
      null,
      null,
      null,
      null,
      null,
      null,
      null,
      Ship {
        "hits": 0,
        "length": 4,
      },
    ],
    [
      null,
      null,
      null,
      null,
      null,
      null,
      null,
      null,
      null,
      null,
    ],
    [
      null,
      null,
      null,
      null,
      null,
      null,
      null,
      null,
      null,
      null,
    ],
    [
      null,
      null,
      null,
      null,
      null,
      null,
      null,
      null,
      null,
      null,
    ],
    [
      null,
      null,
      null,
      null,
      null,
      null,
      null,
      null,
      null,
      null,
    ],
    [
      null,
      null,
      null,
      null,
      null,
      null,
      null,
      null,
      null,
      null,
    ],
  ],
  "hits": Set {},
  "length": 10,
  "misses": Set {},
  "ships": [
    Ship {
      "hits": 0,
      "length": 4,
    },
  ],
}
`;

exports[`placing ship places ship vertically top to bottom 1`] = `
Gameboard {
  "allShipsSunk": false,
  "board": [
    [
      null,
      null,
      null,
      null,
      null,
      null,
      null,
      null,
      null,
      null,
    ],
    [
      null,
      null,
      null,
      null,
      null,
      null,
      null,
      null,
      null,
      null,
    ],
    [
      null,
      null,
      null,
      null,
      null,
      null,
      null,
      null,
      null,
      null,
    ],
    [
      null,
      null,
      null,
      null,
      null,
      null,
      null,
      null,
      null,
      null,
    ],
    [
      null,
      null,
      null,
      null,
      null,
      Ship {
        "hits": 0,
        "length": 5,
      },
      null,
      null,
      null,
      null,
    ],
    [
      null,
      null,
      null,
      null,
      null,
      Ship {
        "hits": 0,
        "length": 5,
      },
      null,
      null,
      null,
      null,
    ],
    [
      null,
      null,
      null,
      null,
      null,
      Ship {
        "hits": 0,
        "length": 5,
      },
      null,
      null,
      null,
      null,
    ],
    [
      null,
      null,
      null,
      null,
      null,
      Ship {
        "hits": 0,
        "length": 5,
      },
      null,
      null,
      null,
      null,
    ],
    [
      null,
      null,
      null,
      null,
      null,
      Ship {
        "hits": 0,
        "length": 5,
      },
      null,
      null,
      null,
      null,
    ],
    [
      null,
      null,
      null,
      null,
      null,
      null,
      null,
      null,
      null,
      null,
    ],
  ],
  "hits": Set {},
  "length": 10,
  "misses": Set {},
  "ships": [
    Ship {
      "hits": 0,
      "length": 5,
    },
  ],
}
`;

exports[`receiving attacks correct ship is hit when receiving attack 1`] = `
Gameboard {
  "allShipsSunk": false,
  "board": [
    [
      null,
      Ship {
        "hits": 0,
        "length": 3,
      },
      null,
      null,
      null,
      null,
      null,
      null,
      null,
      null,
    ],
    [
      null,
      Ship {
        "hits": 0,
        "length": 3,
      },
      null,
      null,
      null,
      null,
      null,
      null,
      null,
      null,
    ],
    [
      null,
      Ship {
        "hits": 0,
        "length": 3,
      },
      null,
      Ship {
        "hits": 2,
        "length": 3,
      },
      Ship {
        "hits": 2,
        "length": 3,
      },
      Ship {
        "hits": 2,
        "length": 3,
      },
      null,
      null,
      null,
      null,
    ],
    [
      null,
      null,
      null,
      null,
      null,
      null,
      null,
      null,
      null,
      null,
    ],
    [
      null,
      null,
      null,
      null,
      null,
      null,
      null,
      null,
      null,
      null,
    ],
    [
      null,
      null,
      null,
      null,
      null,
      null,
      null,
      null,
      null,
      null,
    ],
    [
      null,
      null,
      null,
      null,
      null,
      null,
      null,
      null,
      null,
      null,
    ],
    [
      null,
      null,
      null,
      null,
      null,
      null,
      null,
      null,
      null,
      null,
    ],
    [
      null,
      null,
      null,
      null,
      null,
      null,
      null,
      null,
      null,
      null,
    ],
    [
      null,
      null,
      null,
      null,
      null,
      null,
      null,
      null,
      null,
      null,
    ],
  ],
  "hits": Set {
    "[2,3]",
    "[2,4]",
  },
  "length": 10,
  "misses": Set {},
  "ships": [
    Ship {
      "hits": 2,
      "length": 3,
    },
    Ship {
      "hits": 0,
      "length": 3,
    },
  ],
}
`;

exports[`retrieving ship getShipAt returns the correct ship 1`] = `
Ship {
  "hits": 0,
  "length": 4,
}
`;

exports[`retrieving ship hasShipAt correctly reports if a ship is present or not 1`] = `
Gameboard {
  "allShipsSunk": false,
  "board": [
    [
      Ship {
        "hits": 0,
        "length": 3,
      },
      Ship {
        "hits": 0,
        "length": 3,
      },
      Ship {
        "hits": 0,
        "length": 3,
      },
      null,
      null,
      null,
      null,
      null,
      null,
      null,
    ],
    [
      null,
      null,
      null,
      null,
      null,
      null,
      null,
      null,
      null,
      null,
    ],
    [
      null,
      null,
      null,
      null,
      null,
      null,
      null,
      null,
      null,
      null,
    ],
    [
      null,
      null,
      null,
      null,
      null,
      null,
      null,
      null,
      null,
      null,
    ],
    [
      null,
      null,
      null,
      null,
      null,
      null,
      null,
      null,
      null,
      null,
    ],
    [
      null,
      null,
      null,
      null,
      null,
      null,
      null,
      null,
      null,
      null,
    ],
    [
      null,
      null,
      null,
      null,
      null,
      null,
      null,
      null,
      null,
      null,
    ],
    [
      null,
      null,
      null,
      null,
      null,
      null,
      null,
      null,
      null,
      null,
    ],
    [
      null,
      null,
      null,
      null,
      null,
      null,
      null,
      null,
      null,
      null,
    ],
    [
      null,
      null,
      null,
      null,
      null,
      null,
      null,
      null,
      null,
      null,
    ],
  ],
  "hits": Set {},
  "length": 10,
  "misses": Set {},
  "ships": [
    Ship {
      "hits": 0,
      "length": 3,
    },
  ],
}
`;
